Starting Test...
Key: AIzaS...
Testing gemini-2.0-flash...
✅ gemini-2.0-flash SUCCESS
Testing gemini-2.0-flash-lite...
✅ gemini-2.0-flash-lite SUCCESS
Testing gemini-flash-latest...
✅ gemini-flash-latest SUCCESS
